/etc/orabuntu-lxc-scripts/stop_containers.sh
/etc/orabuntu-lxc-scripts/start_containers.sh
/etc/orabuntu-lxc-scripts/ubuntu-host-backup.sh
/etc/multipath.conf.example
/etc/network/if-up.d/openvswitch/lxcora00-pub-ifup-sw1
/etc/network/if-up.d/openvswitch/lxcora00-asm1-ifup-sw8
/etc/network/if-up.d/openvswitch/lxcora00-asm2-ifup-sw9
/etc/network/if-up.d/openvswitch/lxcora00-priv1-ifup-sw4
/etc/network/if-up.d/openvswitch/lxcora00-priv2-ifup-sw5
/etc/network/if-up.d/openvswitch/lxcora00-priv3-ifup-sw6
/etc/network/if-up.d/openvswitch/lxcora00-priv4-ifup-sw7
/etc/network/if-down.d/openvswitch/lxcora00-pub-ifdown-sw1
/etc/network/if-down.d/openvswitch/lxcora00-asm1-ifdown-sw8
/etc/network/if-down.d/openvswitch/lxcora00-asm2-ifdown-sw9
/etc/network/if-down.d/openvswitch/lxcora00-priv1-ifdown-sw4
/etc/network/if-down.d/openvswitch/lxcora00-priv2-ifdown-sw5
/etc/network/if-down.d/openvswitch/lxcora00-priv3-ifdown-sw6
/etc/network/if-down.d/openvswitch/lxcora00-priv4-ifdown-sw7
/etc/network/if-down.d/scst-net
COPYING
GNU3
