/var/lib/lxc/nsa/rootfs/etc/bind/named.conf.local
/var/lib/lxc/nsa/rootfs/etc/bind/named.conf.options
/var/lib/lxc/nsa/rootfs/etc/default/isc-dhcp-server
/var/lib/lxc/nsa/rootfs/var/lib/bind/fwd.consultingcommandos.us
/var/lib/lxc/nsa/rootfs/var/lib/bind/rev.consultingcommandos.us
/var/lib/lxc/nsa/rootfs/var/lib/bind/fwd.orabuntu-lxc.com
/var/lib/lxc/nsa/rootfs/var/lib/bind/rev.orabuntu-lxc.com
/var/lib/lxc/nsa/rootfs/root/crontab.txt
/var/lib/lxc/nsa/rootfs/etc/rc.local
/var/lib/lxc/nsa/rootfs/etc/systemd/system/dns-thaw.service
/var/lib/lxc/nsa/rootfs/root/ns_backup.start.sh
/var/lib/lxc/nsa/rootfs/root/dns-sync.sh
/var/lib/lxc/nsa/rootfs/root/dns-thaw.sh
/var/lib/lxc/nsa/rootfs/etc/systemd/system/dns-sync.service
/var/lib/lxc/nsa/rootfs/root/ns_backup_update.sh
/var/lib/lxc/nsa/rootfs/etc/dhcp/dhcpd.conf
/var/lib/lxc/nsa/rootfs/etc/netplan/01-netcfg.yaml
/var/lib/lxc/nsa/rootfs/etc/netplan/02-netcfg.yaml
/var/lib/lxc/nsa/config
/var/lib/lxc/nsa/rootfs/root/ns_backup_update.lst
/var/lib/lxc/nsa/rootfs/etc/systemd/resolved.conf
/var/GNU3
/var/COPYING
