/etc/network/if-down.d/openvswitch/nsa-pub-ifdown-sw1
/etc/network/if-down.d/openvswitch/nsa-pub-ifdown-sx1
/etc/network/if-up.d/orabuntu-lxc-net
/etc/NetworkManager/dnsmasq.d/local
/etc/network/openvswitch/create-ovs-sw-files-v2.sh
/etc/network/openvswitch/crt_ovs_sw4.sh
/etc/network/openvswitch/crt_ovs_sw5.sh
/etc/network/openvswitch/crt_ovs_sw6.sh
/etc/network/openvswitch/crt_ovs_sw7.sh
/etc/network/openvswitch/crt_ovs_sw8.sh
/etc/network/openvswitch/crt_ovs_sw9.sh
/etc/network/openvswitch/del-bridges.sh
/etc/network/openvswitch/veth_cleanups.sh
/etc/network/if-up.d/openvswitch/nsa-pub-ifup-sx1
/etc/network/if-up.d/openvswitch/nsa-pub-ifup-sw1
/etc/network/openvswitch/ns_restore.sh
/etc/network/openvswitch/switch-service-linux6.sh
/etc/network/openvswitch/container-service-linux6.sh
/etc/network/openvswitch/olxc-scst-linux6.sh
/etc/network/openvswitch/preseed.sw1a.oracle8.linux.001.lxd.cluster
/etc/network/openvswitch/preseed.sw1a.oracle8.linux.002.lxd.cluster
/etc/network/openvswitch/olxc_sw1a
/etc/network/openvswitch/preseed.sw1a.olxc.001.lxd
/etc/network/openvswitch/lxd-init-node1.sh
/etc/network/openvswitch/crt_ovs_sw3.sh
/etc/network/openvswitch/crt_ovs_sw2.sh
/etc/network/openvswitch/OvsVethCleanup.sh
/etc/network/openvswitch/preseed.sw1a.olxc.001.lxd.cluster
/etc/network/openvswitch/preseed.sw1a.olxc.002.lxd.cluster
/etc/network/openvswitch/strt_nsa.sh
/etc/network/openvswitch/OvsVethCleanupCronjob.sh
/etc/network/openvswitch/crt_ovs_sx1.sh
/etc/network/openvswitch/setup_gre_and_routes.sh
/etc/network/openvswitch/olxc_sx1a
/etc/network/openvswitch/crt_ovs_sw1.sh
/etc/GNU3
/etc/COPYING
