/home/ubuntu/Downloads/orabuntu-lxc-master/uekulele/archives/scst-files/create-scst-install.sh
/home/ubuntu/Downloads/orabuntu-lxc-master/uekulele/archives/scst-files/create-scst-dkms.sh
/home/ubuntu/Downloads/orabuntu-lxc-master/uekulele/archives/scst-files/create-scst-target.sh
/home/ubuntu/Downloads/orabuntu-lxc-master/uekulele/archives/scst-files/create-scst-multipath.sh
/home/ubuntu/Downloads/orabuntu-lxc-master/uekulele/archives/scst-files/99-StorageOwner.rules.template
/home/ubuntu/Downloads/orabuntu-lxc-master/uekulele/archives/scst-files/create-scst-uninstall.sh
/home/ubuntu/Downloads/orabuntu-lxc-master/uekulele/archives/scst-files/create-scst-uninstall-dkms.sh
/home/ubuntu/Downloads/orabuntu-lxc-master/uekulele/archives/scst-files/README
/home/ubuntu/Downloads/orabuntu-lxc-master/uekulele/archives/scst-files/vercomp
/home/ubuntu/Downloads/orabuntu-lxc-master/uekulele/archives/scst-files/create-scst.sh
/home/orabuntu/Downloads/orabuntu-lxc-6.10.6-beta/uekulele/archives/scst-files/GNU3
/home/orabuntu/Downloads/orabuntu-lxc-6.10.6-beta/uekulele/archives/scst-files/COPYING
