/home/ubuntu/Downloads/orabuntu-lxc-master/anylinux/vercomp
/home/ubuntu/Downloads/orabuntu-lxc-master/anylinux/anylinux-services-1.sh
/home/ubuntu/Downloads/orabuntu-lxc-master/anylinux/dnf2yum
/home/ubuntu/Downloads/orabuntu-lxc-master/uekulele/archives/nameserver_copy.sh
/home/ubuntu/Downloads/orabuntu-lxc-master/uekulele/archives/docker_install_uekulele.sh
/home/ubuntu/Downloads/orabuntu-lxc-master/uekulele/uekulele-services-0.sh
/home/ubuntu/Downloads/orabuntu-lxc-master/uekulele/uekulele-services-1.sh
/home/ubuntu/Downloads/orabuntu-lxc-master/uekulele/uekulele-services-2.sh
/home/ubuntu/Downloads/orabuntu-lxc-master/uekulele/uekulele-services-3.sh
/home/ubuntu/Downloads/orabuntu-lxc-master/uekulele/uekulele-services-4.sh
/home/ubuntu/Downloads/orabuntu-lxc-master/uekulele/uekulele-services-5.sh
/home/ubuntu/Downloads/orabuntu-lxc-master/uekulele/GNU3
/home/ubuntu/Downloads/orabuntu-lxc-master/uekulele/COPYING
/home/ubuntu/Downloads/orabuntu-lxc-master/products/no-product/no-product
/home/ubuntu/Downloads/orabuntu-lxc-master/products/no-product/no-product.net
/home/ubuntu/Downloads/orabuntu-lxc-master/products/no-product/no-product.cnf
/home/ubuntu/Downloads/orabuntu-lxc-master/lxcimage/SHA256SUMS
/home/ubuntu/Downloads/orabuntu-lxc-master/lxcimage/oracle6/SHA256SUMS
/home/ubuntu/Downloads/orabuntu-lxc-master/lxcimage/oracle7/SHA256SUMS
/home/ubuntu/Downloads/orabuntu-lxc-master/lxcimage/oracle8/SHA256SUMS
/home/ubuntu/Downloads/orabuntu-lxc-master/lxcimage/nsa/SHA256SUMS
