/home/ubuntu/Downloads/orabuntu-lxc-master/orabuntu/archives/scst-files/99-oracle.rules.template
/home/ubuntu/Downloads/orabuntu-lxc-master/orabuntu/archives/scst-files/create-scst-dkms.sh
/home/ubuntu/Downloads/orabuntu-lxc-master/orabuntu/archives/scst-files/create-scst-install.sh
/home/ubuntu/Downloads/orabuntu-lxc-master/orabuntu/archives/scst-files/create-scst-multipath.sh
/home/ubuntu/Downloads/orabuntu-lxc-master/orabuntu/archives/scst-files/create-scst-oracle.sh
/home/ubuntu/Downloads/orabuntu-lxc-master/orabuntu/archives/scst-files/create-scst.sh
/home/ubuntu/Downloads/orabuntu-lxc-master/orabuntu/archives/scst-files/create-scst-uninstall-dkms.sh
/home/ubuntu/Downloads/orabuntu-lxc-master/orabuntu/archives/scst-files/create-scst-uninstall.sh
/home/ubuntu/Downloads/orabuntu-lxc-master/orabuntu/archives/scst-files/README
/home/ubuntu/Downloads/orabuntu-lxc-master/orabuntu/archives/scst-files/vercomp
/home/ubuntu/Downloads/orabuntu-lxc-master/orabuntu/archives/GNU3
/home/ubuntu/Downloads/orabuntu-lxc-master/orabuntu/archives/COPYING
